%
% This LaTeX document was auto-generated by Fanfic Reader, created by Niki.
%

\documentclass[a4paper]{book}
\usepackage[english]{babel}
\usepackage[utf8]{inputenc}
\usepackage[T1]{fontenc}
\usepackage{lmodern}
\newcommand{\br}{\vspace{10 mm}}
\newcommand{\say}{--- \noindent\emph}
\hyphenpenalty=1000
\tolerance=5000
\begin{document}
\date{2018}
\title{The trials of Fanfan}
\author{UnknownArtist366}
\maketitle



\chapter{Quotes}

\say{``Yes, quotes!'', I said.}

\say{`Those can start with a single- or double quote sign', I continued.}

\noindent{}
\say{``They also supports other characters, and an optionnal leading dash.''}

\noindent{}
\say{``The optionnal leading dash is enough to signify ``quote''.''}

\noindent{}


\chapter{``Quote'' test}
This test was just for the chapter title.
We can also check for breaks.

\br
This was a break space.

\end{document}
